# doctest_add.txt
"""
>>> def add(a, b=98):
...		if not isinstance(a, (int, float)):
...			raise TypeError("a must be an integer")
...		if not isinstance(b, (int, float)):
...			raise TypeError("b must be an integer")
...		return int(a + b)
>>> add(1, 1)
2
>>> add(2,3)
5
>>> add(100, -2)
98
>>> add(2)
100
>>> add(100.3, -2)
98
>>> add(1)
99
>>> add(1, 'a')
Traceback (most recent call last):
TypeError: b must be an integer
>>> add('')
Traceback (most recent call last):
TypeError: a must be an integer

"""